\BOOKMARK [-1][-]{part.1}{I\040Lattice\040Boltzmann\040Method\040-\040Application\040to\040Different\040Partial\040Differential\040Equation}{}% 1
\BOOKMARK [0][-]{chapter.1}{Diffusive\040Equation}{part.1}% 2
\BOOKMARK [1][-]{section.1.1}{Numerical\040Discretization}{chapter.1}% 3
\BOOKMARK [2][-]{subsection.1.1.1}{FDM\040Discretization}{section.1.1}% 4
\BOOKMARK [2][-]{subsection.1.1.2}{Lattice\040Boltzmann\040Equation}{section.1.1}% 5
\BOOKMARK [3][-]{subsubsection*.3}{Lattice\040Direction\040Moments}{subsection.1.1.2}% 6
\BOOKMARK [3][-]{subsubsection*.4}{Chapmann-Enskog\040Analysis}{subsection.1.1.2}% 7
\BOOKMARK [3][-]{subsubsection*.5}{Boundary\040Conditions}{subsection.1.1.2}% 8
\BOOKMARK [1][-]{section.1.2}{1st\040Benchmark:\040Single\040sine\040mode\040on\040a\040finite\040rod\040\(Dirichlet\)}{chapter.1}% 9
\BOOKMARK [2][-]{subsection.1.2.1}{\376\377\000L\000B\000M\000\040\000D\0001\000Q\0003\000\040\000S\000o\000l\000u\000t\000i\000o\000n\000\040\000\050\003\304\000=\0001\000\051}{section.1.2}% 10
\BOOKMARK [2][-]{subsection.1.2.2}{FDM\040Solution}{section.1.2}% 11
\BOOKMARK [2][-]{subsection.1.2.3}{Numerical\040and\040Analytical\040Comparisson}{section.1.2}% 12
\BOOKMARK [0][-]{chapter.2}{Poisson\040Equation\040\(Steady-State\040Diffusive\040Equation\)}{part.1}% 13
\BOOKMARK [1][-]{section.2.1}{Numerical\040Discretization}{chapter.2}% 14
\BOOKMARK [2][-]{subsection.2.1.1}{FDM\040Discretization}{section.2.1}% 15
\BOOKMARK [2][-]{subsection.2.1.2}{Lattice\040Boltzmann\040Equation}{section.2.1}% 16
\BOOKMARK [3][-]{subsubsection*.6}{Lattice\040Direction\040Moments}{subsection.2.1.2}% 17
\BOOKMARK [3][-]{subsubsection*.7}{Chapmann-Enskog\040Analysis}{subsection.2.1.2}% 18
\BOOKMARK [3][-]{subsubsection*.8}{Boundary\040Conditions}{subsection.2.1.2}% 19
\BOOKMARK [1][-]{section.2.2}{1st\040Benchmark:\040Single\040sine\040mode\040on\040a\040finite\040rod\040\(Dirichlet\)}{chapter.2}% 20
\BOOKMARK [2][-]{subsection.2.2.1}{FDM\040Solution:}{section.2.2}% 21
\BOOKMARK [2][-]{subsection.2.2.2}{LBM\040D1Q3\040Solution\040With\040Steady-Scheme:}{section.2.2}% 22
\BOOKMARK [2][-]{subsection.2.2.3}{LBM\040D1Q2\040Solution\040\(Not\040Accept\040the\040Steady-Scheme\):}{section.2.2}% 23
\BOOKMARK [2][-]{subsection.2.2.4}{LBM\040D1Q3\040Solution\040\(Transient\):}{section.2.2}% 24
\BOOKMARK [2][-]{subsection.2.2.5}{Numerical\040and\040Analytical\040Comparisson:}{section.2.2}% 25
\BOOKMARK [1][-]{section.2.3}{2nd\040Benchmark:\0402D\040Poisson\040Pressure\040Field}{chapter.2}% 26
\BOOKMARK [2][-]{subsection.2.3.1}{LBM\040D2Q5\040Code}{section.2.3}% 27
\BOOKMARK [0][-]{chapter.3}{Convective\040Equation\040\(Transport\040Equation\)}{part.1}% 28
\BOOKMARK [1][-]{section.3.1}{Numerical\040Discretization}{chapter.3}% 29
\BOOKMARK [2][-]{subsection.3.1.1}{FDM\040Discretization}{section.3.1}% 30
\BOOKMARK [3][-]{subsubsection*.9}{Forward-Time\040and\040Forward-Space\040\(FTFS\)}{subsection.3.1.1}% 31
\BOOKMARK [3][-]{subsubsection*.10}{Forward-Time\040and\040Central-Space\040with\040Small\040Diffusivity\040\(FTCS-SD\)}{subsection.3.1.1}% 32
\BOOKMARK [2][-]{subsection.3.1.2}{Lattice\040Boltzmann\040Equation}{section.3.1}% 33
\BOOKMARK [3][-]{subsubsection*.11}{Lattice\040Direction\040Moments}{subsection.3.1.2}% 34
\BOOKMARK [4][-]{paragraph*.12}{Raw\040Moments}{subsubsection*.11}% 35
\BOOKMARK [4][-]{paragraph*.13}{Hermite\040Moments}{subsubsection*.11}% 36
\BOOKMARK [3][-]{subsubsection*.14}{Chapmann-Enskog\040Analysis\040\(Considering\040Equilibrium\040State\040-\040Consequently\040Disregarding\040Inherited\040Diffusive\040Effects\)}{subsection.3.1.2}% 37
\BOOKMARK [3][-]{subsubsection*.15}{Chapmann-Enskog\040Analysis\040\(Full\)}{subsection.3.1.2}% 38
\BOOKMARK [3][-]{subsubsection*.16}{Boundary\040Conditions}{subsection.3.1.2}% 39
\BOOKMARK [1][-]{section.3.2}{Benchmark\040-\0401D\040Non-Linear\040Convective\040formulation\040of\040the\040Buckley-Leverett\040Equation}{chapter.3}% 40
\BOOKMARK [2][-]{subsection.3.2.1}{Transient\040Analytical\040Solution}{section.3.2}% 41
\BOOKMARK [3][-]{subsubsection*.17}{Forward\040Time\040and\040Forward\040Space\040-\040FTFS}{subsection.3.2.1}% 42
\BOOKMARK [3][-]{subsubsection*.18}{FDM\040Solution:}{subsection.3.2.1}% 43
\BOOKMARK [3][-]{subsubsection*.19}{Lattice\040Boltzmann\040Framework\040of\040FTFS:}{subsection.3.2.1}% 44
\BOOKMARK [3][-]{subsubsection*.20}{Numerical\040and\040Analytical\040Comparisson}{subsection.3.2.1}% 45
\BOOKMARK [2][-]{subsection.3.2.2}{Forward-Time\040and\040Central-Space\040with\040Small\040Diffusivity\040\(FTCS-SD\)}{section.3.2}% 46
\BOOKMARK [3][-]{subsubsection*.21}{Lattice\040Boltzmann\040Method\040\(D1Q3\):}{subsection.3.2.2}% 47
\BOOKMARK [3][-]{subsubsection*.22}{FDM\040approach\040of\040LBM\040Framework\040D1Q3:}{subsection.3.2.2}% 48
\BOOKMARK [3][-]{subsubsection*.23}{Numerical\040and\040Analytical\040Comparisson}{subsection.3.2.2}% 49
\BOOKMARK [0][-]{chapter.4}{Convective-Diffusive\040Equation}{part.1}% 50
\BOOKMARK [1][-]{section.4.1}{Numerical\040Discretization}{chapter.4}% 51
\BOOKMARK [2][-]{subsection.4.1.1}{FDM\040Discretization}{section.4.1}% 52
\BOOKMARK [3][-]{subsubsection*.24}{Forward-Time\040and\040Forward-Space\040\(FTFSCS\)}{subsection.4.1.1}% 53
\BOOKMARK [3][-]{subsubsection*.25}{Forward-Time\040and\040Central-Space\040with\040Small\040Diffusivity\040\(FTCS\)}{subsection.4.1.1}% 54
\BOOKMARK [3][-]{subsubsection*.26}{Forward-Time\040and\040Central-Space\040with\040Small\040Diffusivity\040\(FTCS-SD\)}{subsection.4.1.1}% 55
\BOOKMARK [2][-]{subsection.4.1.2}{Lattice\040Boltzmann\040Equation}{section.4.1}% 56
\BOOKMARK [3][-]{subsubsection*.27}{Lattice\040Direction\040Moments}{subsection.4.1.2}% 57
\BOOKMARK [4][-]{paragraph*.28}{Raw\040Moments}{subsubsection*.27}% 58
\BOOKMARK [4][-]{paragraph*.29}{Hermite\040Moments}{subsubsection*.27}% 59
\BOOKMARK [3][-]{subsubsection*.30}{Chapmann-Enskog\040Analysis}{subsection.4.1.2}% 60
\BOOKMARK [3][-]{subsubsection*.31}{Boundary\040Conditions}{subsection.4.1.2}% 61
\BOOKMARK [1][-]{section.4.2}{1st\040Benchmark:\040Decay\040of\040Sinoidal\040Wave}{chapter.4}% 62
\BOOKMARK [2][-]{subsection.4.2.1}{LBM\040D1Q3\040Solution}{section.4.2}% 63
\BOOKMARK [2][-]{subsection.4.2.2}{\376\377\000F\000D\000M\000\040\000S\000o\000l\000u\000t\000i\000o\000n\000\040\000\050\000F\000T\000C\000S\000-\000S\000D\000\051\000\040\000\050\000L\000B\000M\000\040\000F\000r\000a\000m\000e\000w\000o\000r\000k\000\040\003\304\000=\0001\000\051}{section.4.2}% 64
\BOOKMARK [2][-]{subsection.4.2.3}{FDM\040Solution\040\(FTCS\)}{section.4.2}% 65
\BOOKMARK [2][-]{subsection.4.2.4}{FDM\040Solution\040\(FTFSCS\)}{section.4.2}% 66
\BOOKMARK [1][-]{section.4.3}{2nd\040Benchmark:\0401D\040Perturbation\040wave-decay}{chapter.4}% 67
\BOOKMARK [0][-]{chapter.5}{Navier-Stokes\040Equation}{part.1}% 68
\BOOKMARK [1][-]{section.5.1}{Numerical\040Discretization:\040Lattice\040Boltzmann\040Equation}{chapter.5}% 69
\BOOKMARK [2][-]{subsection.5.1.1}{Lattice\040Direction\040Moments:\040D2Q9\040Velocity-Space\040Discetization}{section.5.1}% 70
\BOOKMARK [3][-]{subsubsection*.32}{Raw\040Moments}{subsection.5.1.1}% 71
\BOOKMARK [3][-]{subsubsection*.33}{Hermite\040Moments}{subsection.5.1.1}% 72
\BOOKMARK [2][-]{subsection.5.1.2}{Chapmann-Enskog\040Analysis:\0401st\040order\040Lattice\040Boltzmann\040Equation}{section.5.1}% 73
\BOOKMARK [3][-]{subsubsection*.34}{Zero-Order\040Moment\040Balance}{subsection.5.1.2}% 74
\BOOKMARK [3][-]{subsubsection*.35}{First-Order\040Moment\040Balance}{subsection.5.1.2}% 75
\BOOKMARK [3][-]{subsubsection*.36}{Second-Order\040Non-Equilibrium\040Moment}{subsection.5.1.2}% 76
\BOOKMARK [3][-]{subsubsection*.37}{Balance\040Equations}{subsection.5.1.2}% 77
\BOOKMARK [2][-]{subsection.5.1.3}{Lattice\040Direction\040Moments:\040\(Multi-Speed\040Lattices\)\040D2V17\040Velocity-Space\040Discetization}{section.5.1}% 78
\BOOKMARK [3][-]{subsubsection*.38}{Raw\040Moments}{subsection.5.1.3}% 79
\BOOKMARK [3][-]{subsubsection*.39}{Hermite\040Moments}{subsection.5.1.3}% 80
\BOOKMARK [1][-]{section.5.2}{Tutorials}{chapter.5}% 81
\BOOKMARK [-1][-]{part.2}{II\040Finite\040Difference\040Structure\040of\040Lattice\040Boltzmann\040Method}{}% 82
\BOOKMARK [0][-]{chapter.6}{Intoduction\040to\040Difference\040Finite\040Scheme\040derived\040from\040Lattice\040Boltzmann\040Method:\040Diffusive\040Equation}{part.2}% 83
\BOOKMARK [1][-]{section.6.1}{Diffusive\040Equation\040Interpretation\040with\040Single\040Relaxation\040Time}{chapter.6}% 84
\BOOKMARK [2][-]{subsection.6.1.1}{FDM\040Interpretation\040for\040the\040Lattice\040D1Q3}{section.6.1}% 85
\BOOKMARK [1][-]{section.6.2}{1st\040Benchmark:\040Decay\040of\040Sinoidal\040Wave}{chapter.6}% 86
\BOOKMARK [2][-]{subsection.6.2.1}{LBM\040D1Q3\040Code\040-\040FDM\040Code\040\(Only\040Diffusive\040Case\040c=0\)}{section.6.2}% 87
\BOOKMARK [1][-]{section.6.3}{2nd\040Benchmark:\040Temperature\040ramp}{chapter.6}% 88
\BOOKMARK [2][-]{subsection.6.3.1}{Steady-State\040Analytical\040Solution}{section.6.3}% 89
\BOOKMARK [2][-]{subsection.6.3.2}{Transient\040Analytical\040Solution}{section.6.3}% 90
\BOOKMARK [2][-]{subsection.6.3.3}{LBM\040D1Q3\040Code\040-\040FDM\040Code}{section.6.3}% 91
\BOOKMARK [1][-]{section.6.4}{Convergence\040Errors:\040Fourth-order\040Diffusive\040Equation}{chapter.6}% 92
\BOOKMARK [1][-]{section.6.5}{Extension\040to\040Lattices\040with\040d-Dimensions\040and\040q-Velocities\040\(DdQq\):}{chapter.6}% 93
\BOOKMARK [1][-]{section.6.6}{Diffusive\040Equation\040Interpretation\040with\040Multi-Relaxation\040Time\040\(MRT-Framework\)}{chapter.6}% 94
\BOOKMARK [2][-]{subsection.6.6.1}{Fourth-order\040MRT\040Diffusive\040Equation}{section.6.6}% 95
\BOOKMARK [0][-]{chapter.7}{Citations}{part.2}% 96
\BOOKMARK [0][-]{chapter*.40}{Bibliography}{part.2}% 97
